error: ErrorCategory can only be derived for Enums.
 --> tests/derive_error_category/fail_on_struct.rs:2:1
  |
2 | struct Error {}
  | ^^^^^^
