error: attribute macro `handle_error_category` not supported here
 --> tests/handle_error_category/fail_on_const.rs:4:1
  |
4 | const FOO: &str = "str";
  | ^^^^^
