error: attribute macro `handle_error_category` not supported here
 --> tests/handle_error_category/fail_on_struct.rs:4:1
  |
4 | struct Foo {}
  | ^^^^^^
