---
source: tests_integration/tests/gba_pid_test.rs
assertion_line: 174
description: "BSN: 999994542"
expression: attributes
---
com.example.pid__given_name:
  String: Gerrit
com.example.pid__family_name:
  String: den Braber
com.example.pid__own_family_name:
  String: den Braber
com.example.pid__gender:
  Gender: Male
com.example.pid__birth_date:
  Date: 1968-03-18
com.example.pid__age_over_18:
  Boolean: true
com.example.pid__has_spouse_or_partner:
  Boolean: true
com.example.pid__bsn:
  String: "999994542"
com.example.address__resident_street:
  String: Schakelstraat
com.example.address__resident_house_number:
  String: "14"
com.example.address__resident_postal_code:
  String: 1014AW
com.example.address__resident_city:
  String: Amsterdam
com.example.address__resident_country:
  String: Nederland
