---
source: tests_integration/tests/gba_pid_test.rs
assertion_line: 174
description: "BSN: 999997634"
expression: attributes
---
com.example.pid__given_name:
  String: Fedde
com.example.pid__family_name:
  String: Wybenga
com.example.pid__own_family_name:
  String: Wybenga
com.example.pid__gender:
  Gender: Male
com.example.pid__birth_date:
  Date: 1990-12-01
com.example.pid__age_over_18:
  Boolean: true
com.example.pid__has_spouse_or_partner:
  Boolean: false
com.example.pid__bsn:
  String: "999997634"
com.example.address__resident_street:
  String: Tsjerkepaed
com.example.address__resident_house_number:
  String: "6"
com.example.address__resident_postal_code:
  String: 9178GN
com.example.address__resident_city:
  String: WÃ¢nswert
com.example.address__resident_country:
  String: Nederland
