---
source: tests_integration/tests/gba_pid_test.rs
assertion_line: 158
description: "BSN: 999994785"
expression: attributes
---
given_name:
  String: Anita
family_name:
  String: Jansen
own_family_name:
  String: Jansen
gender:
  Gender: Female
birth_date:
  Date: 1971-01-01
age_over_18:
  Boolean: true
has_spouse_or_partner:
  Boolean: false
bsn:
  String: "999994785"
resident_street:
  String: Leyweg
resident_house_number:
  String: "1485"
resident_postal_code:
  String: 2548AE
resident_city:
  String: "'s-Gravenhage"
resident_country:
  String: Nederland
