---
source: tests_integration/tests/gba_pid_test.rs
assertion_line: 174
description: "BSN: 999997737"
expression: attributes
---
com.example.pid__given_name:
  String: Allegonda
com.example.pid__family_name:
  String: Rood
com.example.pid__own_family_name:
  String: Rood
com.example.pid__gender:
  Gender: Female
com.example.pid__birth_date:
  Date: 1965-05-26
com.example.pid__age_over_18:
  Boolean: true
com.example.pid__has_spouse_or_partner:
  Boolean: false
com.example.pid__bsn:
  String: "999997737"
com.example.address__resident_street:
  String: Eemstein
com.example.address__resident_house_number:
  String: "21"
com.example.address__resident_postal_code:
  String: 3073KA
com.example.address__resident_city:
  String: Rotterdam
com.example.address__resident_country:
  String: Nederland
