---
source: tests_integration/tests/gba_pid_test.rs
assertion_line: 174
description: "BSN: 999992120"
expression: attributes
---
com.example.pid__given_name:
  String: Zeus
com.example.pid__family_name:
  String: de Jager
com.example.pid__own_family_name:
  String: de Jager
com.example.pid__gender:
  Gender: Male
com.example.pid__birth_date:
  Date: 2003-12-31
com.example.pid__age_over_18:
  Boolean: true
com.example.pid__has_spouse_or_partner:
  Boolean: false
com.example.pid__bsn:
  String: "999992120"
com.example.address__resident_street:
  String: Leyweg
com.example.address__resident_house_number:
  String: "1485"
com.example.address__resident_postal_code:
  String: 2548AE
com.example.address__resident_city:
  String: "'s-Gravenhage"
com.example.address__resident_country:
  String: Nederland
