---
source: tests_integration/tests/gba_pid_test.rs
assertion_line: 184
description: "BSN: 999991577"
expression: attributes
---
com.example.pid__given_name:
  String: Berend
com.example.pid__family_name:
  String: Bultenaar
com.example.pid__gender:
  Gender: Male
com.example.pid__birth_date:
  Date: 2005-01-23
com.example.pid__age_over_18:
  Boolean: true
com.example.pid__bsn:
  String: "999991577"
com.example.address__resident_street:
  String: Deltaplein
com.example.address__resident_house_number:
  String: "200"
com.example.address__resident_postal_code:
  String: 2554EJ
com.example.address__resident_city:
  String: "'s-Gravenhage"
com.example.address__resident_country:
  String: Nederland
