---
source: tests_integration/tests/gba_pid_test.rs
assertion_line: 174
description: "BSN: 999997683"
expression: attributes
---
com.example.pid__given_name:
  String: MariÃ«lla
com.example.pid__family_name:
  String: Janssen
com.example.pid__own_family_name:
  String: Janssen
com.example.pid__gender:
  Gender: Female
com.example.pid__birth_date:
  Date: 1972-10-24
com.example.pid__age_over_18:
  Boolean: true
com.example.pid__has_spouse_or_partner:
  Boolean: false
com.example.pid__bsn:
  String: "999997683"
com.example.address__resident_street:
  String: Thorbeckelaan
com.example.address__resident_house_number:
  String: "16"
com.example.address__resident_postal_code:
  String: 3552CS
com.example.address__resident_city:
  String: Utrecht
com.example.address__resident_country:
  String: Nederland
