---
source: tests_integration/tests/gba_pid_test.rs
assertion_line: 188
description: "BSN: 999991644"
expression: attributes
---
{
  "com.example.pid__given_name": String("Petrus Wilhelmus Adrianus"),
  "com.example.pid__family_name": String("Bakker"),
  "com.example.pid__birth_date": Date("1956-08-01"),
  "com.example.pid__age_over_18": Boolean(true),
  "com.example.pid__bsn": String("999991644"),
  "com.example.address__resident_street": String("Ruychrocklaan"),
  "com.example.address__resident_house_number": String("4"),
  "com.example.address__resident_postal_code": String("2597EN"),
  "com.example.address__resident_city": String("\'s-Gravenhage"),
  "com.example.address__resident_country": String("Nederland"),
}
