---
source: tests_integration/tests/gba_pid_test.rs
assertion_line: 188
description: "BSN: 999991292"
expression: attributes
---
{
  "com.example.pid__given_name": String("Mirjam"),
  "com.example.pid__family_name": String("Heijn"),
  "com.example.pid__birth_date": Date("1974-03-04"),
  "com.example.pid__age_over_18": Boolean(true),
  "com.example.pid__bsn": String("999991292"),
  "com.example.address__resident_street": String("Eemhavenweg"),
  "com.example.address__resident_house_number": String("14"),
  "com.example.address__resident_postal_code": String("3089KG"),
  "com.example.address__resident_city": String("Rotterdam"),
  "com.example.address__resident_country": String("Nederland"),
}
