---
source: tests_integration/tests/gba_pid_test.rs
assertion_line: 173
description: "BSN: 999991814"
expression: attributes
---
com.example.pid__given_name:
  String: Martinus
com.example.pid__family_name:
  String: de Bever
com.example.pid__own_family_name:
  String: de Bever
com.example.pid__gender:
  Gender: Male
com.example.pid__birth_date:
  Date: 1960-10-01
com.example.pid__age_over_18:
  Boolean: true
com.example.pid__bsn:
  String: "999991814"
com.example.address__resident_street:
  String: Eemhavenweg
com.example.address__resident_house_number:
  String: "42"
com.example.address__resident_postal_code:
  String: 9089KH
com.example.address__resident_city:
  String: Rotterdam
com.example.address__resident_country:
  String: Nederland
